Microsoft (R) Visual C# Compiler version 4.8.3752.0
for C# 5
Copyright (C) Microsoft Corporation. All rights reserved.

This compiler is provided as part of the Microsoft (R) .NET Framework, but only supports language versions up to C# 5, which is no longer the latest version. For compilers that support newer versions of the C# programming language, see http://go.microsoft.com/fwlink/?LinkID=533240

Parva.cs(44,65): error CS1002: ; expected
Parva\PVM.cs(717,12): warning CS0219: The variable 'tracing' is assigned but its value is never used
